Microchip MPLAB XC8 Compiler V2.05 ()

Linker command line:

-W-3 --edf=C:\Program Files (x86)\Microchip\xc8\v2.05\pic\dat\en_msgs.txt \
  -cs -h+dist/default/production\test.X.production.sym \
  --cmf=dist/default/production\test.X.production.cmf -z -Q16F1619 \
  -oS:\Users\18.02340-0\AppData\Local\Temp\s2ec.2 --defsym=__MPLAB_BUILD=1 \
  -Mdist/default/production/test.X.production.map -E1 -ver=XC8 --acfsm=1493 \
  -ASTACK=02140h-023EFh -pstack=STACK -ACODE=00h-07FFhx4 \
  -ASTRCODE=00h-01FFFh -ASTRING=00h-0FFhx32 -ACONST=00h-0FFhx32 \
  -AENTRY=00h-0FFhx32 -ACOMMON=070h-07Fh -ABANK0=020h-06Fh \
  -ABANK1=0A0h-0EFh -ABANK2=0120h-016Fh -ABANK3=01A0h-01EFh \
  -ABANK4=0220h-026Fh -ABANK5=02A0h-02EFh -ABANK6=0320h-036Fh \
  -ABANK7=03A0h-03EFh -ABANK8=0420h-046Fh -ABANK9=04A0h-04EFh \
  -ABANK10=0520h-056Fh -ABANK11=05A0h-05EFh -ABANK12=0620h-064Fh \
  -ABIGRAM=02000h-023EFh \
  -ARAM=020h-06Fh,0A0h-0EFh,0120h-016Fh,01A0h-01EFh,0220h-026Fh,02A0h-02EFh,0320h-036Fh,03A0h-03EFh,0420h-046Fh,04A0h-04EFh,0520h-056Fh,05A0h-05EFh,0620h-064Fh \
  -AABS1=020h-07Fh,0A0h-0EFh,0120h-016Fh,01A0h-01EFh,0220h-026Fh,02A0h-02EFh,0320h-036Fh,03A0h-03EFh,0420h-046Fh,04A0h-04EFh,0520h-056Fh,05A0h-05EFh,0620h-064Fh \
  -ASFR0=00h-01Fh -ASFR1=080h-09Fh -ASFR2=0100h-011Fh -ASFR3=0180h-019Fh \
  -ASFR4=0200h-021Fh -ASFR5=0280h-029Fh -ASFR6=0300h-031Fh \
  -ASFR7=0380h-039Fh -ASFR8=0400h-041Fh -ASFR9=0480h-049Fh \
  -ASFR10=0500h-051Fh -ASFR11=0580h-059Fh -ASFR12=0600h-061Fh \
  -ASFR13=0680h-06EFh -ASFR14=0700h-076Fh -ASFR15=0780h-07EFh \
  -ASFR16=0800h-086Fh -ASFR17=0880h-08EFh -ASFR18=0900h-096Fh \
  -ASFR19=0980h-09EFh -ASFR20=0A00h-0A6Fh -ASFR21=0A80h-0AEFh \
  -ASFR22=0B00h-0B6Fh -ASFR23=0B80h-0BEFh -ASFR24=0C00h-0C6Fh \
  -ASFR25=0C80h-0CEFh -ASFR26=0D00h-0D6Fh -ASFR27=0D80h-0DEFh \
  -ASFR28=0E00h-0E6Fh -ASFR29=0E80h-0EEFh -ASFR30=0F00h-0F6Fh \
  -ASFR31=0F80h-0FEFh -preset_vec=00h,intentry,init,end_init -ppowerup=CODE \
  -pcinit=CODE -pfunctab=ENTRY -ACONFIG=08007h-08009h -pconfig=CONFIG \
  -DCONFIG=2 -AIDLOC=08000h-08003h -pidloc=IDLOC -DIDLOC=2 -DCODE=2 \
  -DSTRCODE=2 -DSTRING=2 -DCONST=2 -DENTRY=2 -k \
  S:\Users\18.02340-0\AppData\Local\Temp\s2ec.o \
  dist/default/production\test.X.production.o 

Object code version is 3.11

Machine type is 16F1619



                Name                               Link     Load   Length Selector   Space Scale
S:\Users\18.02340-0\AppData\Local\Temp\s2ec.o
                end_init                              2        2        2        0       0
                reset_vec                             0        0        2        0       0
                config                             8007     8007        3    1000E       0
dist/default/production\test.X.production.o
                cinit                               7EE      7EE       12      FDC       0
                text46                             107B     107B        6     20F6       0
                text45                              800      800        D      FDC       0
                text44                             1073     1073        3     20E6       0
                text43                             112B     112B       19     2256       0
                text42                             10A8     10A8        9     2150       0
                text41                             1081     1081        6     2102       0
                text40                             1087     1087        6     210E       0
                text39                             108D     108D        6     211A       0
                text38                             11D8     11D8       21     23B0       0
                text37                             1099     1099        7     2132       0
                text36                             1240     1240       33     2480       0
                text35                             10BA     10BA        B     2174       0
                text34                             10C5     10C5        B     218A       0
                text33                                5        5       12        A       0
                text32                             15B1     15B1       95     2B62       0
                text31                             1144     1144       1B     2288       0
                text30                             10E5     10E5       17     21CA       0
                text29                             115F     115F       1C     22BE       0
                text28                              80D      80D       A1     101A       0
                text27                             1407     1407       51     280E       0
                text26                             12DC     12DC       45     25B8       0
                text25                               17       17      17A       2E       0
                text24                             1321     1321       48     2642       0
                text23                             1535     1535       7C     2A6A       0
                text22                             117B     117B       1F     22F6       0
                text21                              B68      B68      22C     16D0       0
                text20                             10B1     10B1        9     2162       0
                text19                              986      986      1E2     130C       0
                text18                             119A     119A       1F     2334       0
                text17                             1458     1458       65     28B0       0
                text16                             14BD     14BD       78     297A       0
                text15                              8AE      8AE       D8     115C       0
                text14                             10A0     10A0        8     2140       0
                text13                             1076     1076        5     20EC       0
                text12                             12A7     12A7       35     254E       0
                text11                             121A     121A       26     2434       0
                text10                             1113     1113       18     2226       0
                text9                              13B7     13B7       50     276E       0
                text8                              11B9     11B9       1F     2372       0
                text7                              10FC     10FC       17     21F8       0
                text6                              11F9     11F9       21     23F2       0
                text5                               191      191      65D      322       0
                text4                              1369     1369       4E     26D2       0
                text3                               D94      D94      26C     1B28       0
                text2                              1273     1273       34     24E6       0
                text1                              10D0     10D0       15     21A0       0
                maintext                           1646     1646      1BA     2C8C       0
                cstackBANK0                          20       20       50       20       1
                cstackCOMMON                         70       70        E       70       1
                cstackBANK1                          A0       A0       50       A0       1
                cstackBANK2                         120      120       2B      120       1
                clrtext                            1093     1093        6     2126       0
                bssBANK3                            1A0      1A0       50      1A0       1
                bssBANK2                            14B      14B       13      120       1
                stringtext6                        1816     1816        3     3000       0
                stringtext5                        1812     1812        4     3000       0
                stringtext4                        180E     180E        4     3000       0
                stringtext3                        180A     180A        4     3000       0
                stringtext2                        1806     1806        4     3000       0
                stringtext1                        1800     1800        6     3000       0
                nvBANK2                             15E      15E        6      120       1

TOTAL           Name                               Link     Load   Length     Space
        CLASS   STACK          

        CLASS   CODE           
                end_init                              2        2        2         0
                cinit                               7EE      7EE       12         0
                reset_vec                             0        0        2         0
                text46                             107B     107B        6         0
                text45                              800      800        D         0
                text44                             1073     1073        3         0
                text43                             112B     112B       19         0
                text42                             10A8     10A8        9         0
                text41                             1081     1081        6         0
                text40                             1087     1087        6         0
                text39                             108D     108D        6         0
                text38                             11D8     11D8       21         0
                text37                             1099     1099        7         0
                text36                             1240     1240       33         0
                text35                             10BA     10BA        B         0
                text34                             10C5     10C5        B         0
                text33                                5        5       12         0
                text32                             15B1     15B1       95         0
                text31                             1144     1144       1B         0
                text30                             10E5     10E5       17         0
                text29                             115F     115F       1C         0
                text28                              80D      80D       A1         0
                text27                             1407     1407       51         0
                text26                             12DC     12DC       45         0
                text25                               17       17      17A         0
                text24                             1321     1321       48         0
                text23                             1535     1535       7C         0
                text22                             117B     117B       1F         0
                text21                              B68      B68      22C         0
                text20                             10B1     10B1        9         0
                text19                              986      986      1E2         0
                text18                             119A     119A       1F         0
                text17                             1458     1458       65         0
                text16                             14BD     14BD       78         0
                text15                              8AE      8AE       D8         0
                text14                             10A0     10A0        8         0
                text13                             1076     1076        5         0
                text12                             12A7     12A7       35         0
                text11                             121A     121A       26         0
                text10                             1113     1113       18         0
                text9                              13B7     13B7       50         0
                text8                              11B9     11B9       1F         0
                text7                              10FC     10FC       17         0
                text6                              11F9     11F9       21         0
                text5                               191      191      65D         0
                text4                              1369     1369       4E         0
                text3                               D94      D94      26C         0
                text2                              1273     1273       34         0
                text1                              10D0     10D0       15         0
                maintext                           1646     1646      1BA         0
                clrtext                            1093     1093        6         0

        CLASS   STRCODE        
                stringtext6                        1816     1816        3         0
                stringtext5                        1812     1812        4         0
                stringtext4                        180E     180E        4         0
                stringtext3                        180A     180A        4         0
                stringtext2                        1806     1806        4         0
                stringtext1                        1800     1800        6         0

        CLASS   STRING         

        CLASS   CONST          

        CLASS   ENTRY          

        CLASS   COMMON         
                cstackCOMMON                         70       70        E         1

        CLASS   BANK0          
                cstackBANK0                          20       20       50         1

        CLASS   BANK1          
                cstackBANK1                          A0       A0       50         1

        CLASS   BANK2          
                cstackBANK2                         120      120       2B         1
                bssBANK2                            14B      14B       13         1
                nvBANK2                             15E      15E        6         1

        CLASS   BANK3          
                bssBANK3                            1A0      1A0       50         1

        CLASS   BANK4          

        CLASS   BANK5          

        CLASS   BANK6          

        CLASS   BANK7          

        CLASS   BANK8          

        CLASS   BANK9          

        CLASS   BANK10         

        CLASS   BANK11         

        CLASS   BANK12         

        CLASS   BIGRAM         

        CLASS   RAM            

        CLASS   ABS1           
                abs_s1                               7E       7E        2         1

        CLASS   SFR0           

        CLASS   SFR1           

        CLASS   SFR2           

        CLASS   SFR3           

        CLASS   SFR4           

        CLASS   SFR5           

        CLASS   SFR6           

        CLASS   SFR7           

        CLASS   SFR8           

        CLASS   SFR9           

        CLASS   SFR10          

        CLASS   SFR11          

        CLASS   SFR12          

        CLASS   SFR13          

        CLASS   SFR14          

        CLASS   SFR15          

        CLASS   SFR16          

        CLASS   SFR17          

        CLASS   SFR18          

        CLASS   SFR19          

        CLASS   SFR20          

        CLASS   SFR21          

        CLASS   SFR22          

        CLASS   SFR23          

        CLASS   SFR24          

        CLASS   SFR25          

        CLASS   SFR26          

        CLASS   SFR27          

        CLASS   SFR28          

        CLASS   SFR29          

        CLASS   SFR30          

        CLASS   SFR31          

        CLASS   CONFIG         
                config                             8007     8007        3         0

        CLASS   IDLOC          

        CLASS   BANK31         

        CLASS   BANK30         

        CLASS   BANK29         

        CLASS   BANK28         

        CLASS   BANK27         

        CLASS   BANK26         

        CLASS   BANK25         

        CLASS   BANK24         

        CLASS   BANK23         

        CLASS   BANK22         

        CLASS   BANK21         

        CLASS   BANK20         

        CLASS   BANK19         

        CLASS   BANK18         

        CLASS   BANK17         

        CLASS   BANK16         

        CLASS   BANK15         

        CLASS   BANK14         

        CLASS   BANK13         

        CLASS   EEDATA         



SEGMENTS        Name                           Load    Length   Top    Selector   Space  Class     Delta

                reset_vec                      000000  000004  000004         0       0  CODE        2
                text33                         000005  000012  000017         A       0  CODE        2
                cstackBANK0                    000020  000050  000070        20       1  BANK0       1
                text25                         000017  00017A  000191        2E       0  CODE        2
                cstackCOMMON                   000070  00000E  00007E        70       1  COMMON      1
                cstackBANK1                    0000A0  000050  0000F0        A0       1  BANK1       1
                cstackBANK2                    000120  000044  000164       120       1  BANK2       1
                bssBANK3                       0001A0  000050  0001F0       1A0       1  BANK3       1
                text5                          000191  00065D  0007EE       322       0  CODE        2
                cinit                          0007EE  00001F  00080D       FDC       0  CODE        2
                text28                         00080D  0000A1  0008AE      101A       0  CODE        2
                text15                         0008AE  0000D8  000986      115C       0  CODE        2
                text19                         000986  0001E2  000B68      130C       0  CODE        2
                text21                         000B68  00022C  000D94      16D0       0  CODE        2
                text3                          000D94  00026C  001000      1B28       0  CODE        2
                text44                         001073  000003  001076      20E6       0  CODE        2
                text13                         001076  000005  00107B      20EC       0  CODE        2
                text46                         00107B  000006  001081      20F6       0  CODE        2
                text41                         001081  000006  001087      2102       0  CODE        2
                text40                         001087  000006  00108D      210E       0  CODE        2
                text39                         00108D  000006  001093      211A       0  CODE        2
                clrtext                        001093  000006  001099      2126       0  CODE        2
                text37                         001099  000007  0010A0      2132       0  CODE        2
                text14                         0010A0  000008  0010A8      2140       0  CODE        2
                text42                         0010A8  000009  0010B1      2150       0  CODE        2
                text20                         0010B1  000009  0010BA      2162       0  CODE        2
                text35                         0010BA  00000B  0010C5      2174       0  CODE        2
                text34                         0010C5  00000B  0010D0      218A       0  CODE        2
                text1                          0010D0  000015  0010E5      21A0       0  CODE        2
                text30                         0010E5  000017  0010FC      21CA       0  CODE        2
                text7                          0010FC  000017  001113      21F8       0  CODE        2
                text10                         001113  000018  00112B      2226       0  CODE        2
                text43                         00112B  000019  001144      2256       0  CODE        2
                text31                         001144  00001B  00115F      2288       0  CODE        2
                text29                         00115F  00001C  00117B      22BE       0  CODE        2
                text22                         00117B  00001F  00119A      22F6       0  CODE        2
                text18                         00119A  00001F  0011B9      2334       0  CODE        2
                text8                          0011B9  00001F  0011D8      2372       0  CODE        2
                text38                         0011D8  000021  0011F9      23B0       0  CODE        2
                text6                          0011F9  000021  00121A      23F2       0  CODE        2
                text11                         00121A  000026  001240      2434       0  CODE        2
                text36                         001240  000033  001273      2480       0  CODE        2
                text2                          001273  000034  0012A7      24E6       0  CODE        2
                text12                         0012A7  000035  0012DC      254E       0  CODE        2
                text26                         0012DC  000045  001321      25B8       0  CODE        2
                text24                         001321  000048  001369      2642       0  CODE        2
                text4                          001369  00004E  0013B7      26D2       0  CODE        2
                text9                          0013B7  000050  001407      276E       0  CODE        2
                text27                         001407  000051  001458      280E       0  CODE        2
                text17                         001458  000065  0014BD      28B0       0  CODE        2
                text16                         0014BD  000078  001535      297A       0  CODE        2
                text23                         001535  00007C  0015B1      2A6A       0  CODE        2
                text32                         0015B1  000095  001646      2B62       0  CODE        2
                maintext                       001646  0001BA  001800      2C8C       0  CODE        2
                stringtext1                    001800  000019  001819      3000       0  STRCODE     2
                config                         008007  000003  00800A     1000E       0  CONFIG      2


UNUSED ADDRESS RANGES

        Name                Unused          Largest block    Delta
        BANK10           00520-0056F              50           1
        BANK11           005A0-005EF              50           1
        BANK12           00620-0064F              30           1
        BANK2            00164-0016F               C           1
        BANK4            00220-0026F              50           1
        BANK5            002A0-002EF              50           1
        BANK6            00320-0036F              50           1
        BANK7            003A0-003EF              50           1
        BANK8            00420-0046F              50           1
        BANK9            004A0-004EF              50           1
        BIGRAM           02000-023EF             3F0           1
        CODE             00004-00004               1           2
                         01000-01072              73
                         01819-01FFF             7E7
        CONST            00004-00004               1           2
                         01000-01072              73
                         01819-01FFF             100
        ENTRY            00004-00004               1           2
                         01000-01072              73
                         01819-01FFF             100
        IDLOC            08000-08003               4           2
        RAM              00164-0016F               C           1
                         00220-0026F              50
                         002A0-002EF              50
                         00320-0036F              50
                         003A0-003EF              50
                         00420-0046F              50
                         004A0-004EF              50
                         00520-0056F              50
                         005A0-005EF              50
                         00620-0064F              30
        SFR0             00000-0001F              20           1
        SFR1             00080-0009F              20           1
        SFR10            00500-0051F              20           1
        SFR11            00580-0059F              20           1
        SFR12            00600-0061F              20           1
        SFR13            00680-006EF              70           1
        SFR14            00700-0076F              70           1
        SFR15            00780-007EF              70           1
        SFR16            00800-0086F              70           1
        SFR17            00880-008EF              70           1
        SFR18            00900-0096F              70           1
        SFR19            00980-009EF              70           1
        SFR2             00100-0011F              20           1
        SFR20            00A00-00A6F              70           1
        SFR21            00A80-00AEF              70           1
        SFR22            00B00-00B6F              70           1
        SFR23            00B80-00BEF              70           1
        SFR24            00C00-00C6F              70           1
        SFR25            00C80-00CEF              70           1
        SFR26            00D00-00D6F              70           1
        SFR27            00D80-00DEF              70           1
        SFR28            00E00-00E6F              70           1
        SFR29            00E80-00EEF              70           1
        SFR3             00180-0019F              20           1
        SFR30            00F00-00F6F              70           1
        SFR31            00F80-00FEF              70           1
        SFR4             00200-0021F              20           1
        SFR5             00280-0029F              20           1
        SFR6             00300-0031F              20           1
        SFR7             00380-0039F              20           1
        SFR8             00400-0041F              20           1
        SFR9             00480-0049F              20           1
        STACK            02140-023EF             2B0           1
        STRCODE          00004-00004               1           2
                         01000-01072              73
                         01819-01FFF             7E7
        STRING           00004-00004               1           2
                         01000-01072              73
                         01819-01FFF             100

                                  Symbol Table

?_ADC_GetConversionResult                      cstackCOMMON 00070
?__Umul8_16                                    cstackCOMMON 00070
?___awdiv                                      cstackCOMMON 00070
?___awmod                                      cstackCOMMON 00070
?___fladd                                      cstackBANK0  00047
?___fldiv                                      cstackCOMMON 00070
?___flmul                                      cstackBANK0  0002D
?___flneg                                      cstackCOMMON 00070
?___flsub                                      cstackBANK0  0005B
?___fltol                                      cstackCOMMON 00070
?___fpclassifyf                                cstackCOMMON 00070
?___wmul                                       cstackCOMMON 00070
?___xxtofl                                     cstackCOMMON 00070
?_atoi                                         cstackCOMMON 00076
?_efgtoa                                       cstackBANK0  00063
?_floorf                                       cstackBANK0  0002D
?_isdigit                                      cstackCOMMON 00070
?_isspace                                      cstackCOMMON 00070
?_isupper                                      cstackCOMMON 00070
?_pad                                          cstackBANK0  00024
?_printf                                       cstackBANK2  00123
?_strlen                                       cstackCOMMON 00070
?_strncmp                                      cstackCOMMON 00070
?_tolower                                      cstackCOMMON 00076
?_vfpfcnvrt                                    cstackBANK0  0006C
?_vfprintf                                     cstackBANK1  000EC
ADC_SelectChannel@channel                      cstackCOMMON 00071
EUSART_SetErrorHandler@interruptHandler        cstackCOMMON 00070
EUSART_SetFramingErrorHandler@interruptHandler cstackCOMMON 00070
EUSART_SetOverrunErrorHandler@interruptHandler cstackCOMMON 00070
EUSART_Write@txData                            cstackCOMMON 00070
PWM3_LoadDutyValue@dutyValue                   cstackCOMMON 0007B
_ADCON0                                        (abs)        0009D
_ADCON0bits                                    (abs)        0009D
_ADCON1                                        (abs)        0009E
_ADCON2                                        (abs)        0009F
_ADC_GetConversionResult                       text46       0107B
_ADC_Initialize                                text42       010A8
_ADC_SelectChannel                             text45       00800
_ADC_StartConversion                           text44       01073
_ADRESH                                        (abs)        0009C
_ADRESL                                        (abs)        0009B
_ANSELA                                        (abs)        0018C
_ANSELB                                        (abs)        0018D
_ANSELC                                        (abs)        0018E
_BAUD1CON                                      (abs)        0019F
_BORCON                                        (abs)        00116
_CCPTMRSbits                                   (abs)        0029E
_EUSART_DefaultErrorHandler                    (abs)        00000
_EUSART_DefaultFramingErrorHandler             (abs)        00000
_EUSART_DefaultOverrunErrorHandler             (abs)        00000
_EUSART_ErrorHandler                           nvBANK2      0015E
_EUSART_FramingErrorHandler                    nvBANK2      00162
_EUSART_Initialize                             text38       011D8
_EUSART_OverrunErrorHandler                    nvBANK2      00160
_EUSART_SetErrorHandler                        text41       01081
_EUSART_SetFramingErrorHandler                 text40       01087
_EUSART_SetOverrunErrorHandler                 text39       0108D
_EUSART_Write                                  text14       010A0
_INLVLA                                        (abs)        0038C
_INLVLB                                        (abs)        0038D
_INLVLC                                        (abs)        0038E
_LATA                                          (abs)        0010C
_LATB                                          (abs)        0010D
_LATC                                          (abs)        0010E
_ODCONA                                        (abs)        0028C
_ODCONB                                        (abs)        0028D
_ODCONC                                        (abs)        0028E
_OPTION_REGbits                                (abs)        00095
_OSCCON                                        (abs)        00099
_OSCILLATOR_Initialize                         text37       01099
_OSCTUNE                                       (abs)        00098
_PIN_MANAGER_Initialize                        text36       01240
_PIR1bits                                      (abs)        00010
_PR2                                           (abs)        0001B
_PWM3CON                                       (abs)        00619
_PWM3DCH                                       (abs)        00618
_PWM3DCL                                       (abs)        00617
_PWM3_Initialize                               text35       010BA
_PWM3_LoadDutyValue                            text43       0112B
_RB6PPS                                        (abs)        00E9E
_RB7PPS                                        (abs)        00E9F
_RC1REG                                        (abs)        00199
_RC1STA                                        (abs)        0019D
_RC1STAbits                                    (abs)        0019D
_RXPPS                                         (abs)        00E24
_SLRCONA                                       (abs)        0030C
_SLRCONB                                       (abs)        0030D
_SLRCONC                                       (abs)        0030E
_SPBRGH                                        (abs)        0019C
_SPBRGL                                        (abs)        0019B
_SYSTEM_Initialize                             text33       00005
_T2CLKCON                                      (abs)        0001E
_T2CON                                         (abs)        0001C
_T2CONbits                                     (abs)        0001C
_T2HLT                                         (abs)        0001D
_T2HLTbits                                     (abs)        0001D
_T2PR                                          (abs)        0001B
_T2RST                                         (abs)        0001F
_T2RSTbits                                     (abs)        0001F
_T2TMR                                         (abs)        0001A
_TMR2                                          (abs)        0001A
_TMR2_Initialize                               text34       010C5
_TRISA                                         (abs)        0008C
_TRISB                                         (abs)        0008D
_TRISC                                         (abs)        0008E
_TX1REG                                        (abs)        0019A
_TX1STA                                        (abs)        0019E
_TX1STAbits                                    (abs)        0019E
_WPUA                                          (abs)        0020C
_WPUB                                          (abs)        0020D
_WPUC                                          (abs)        0020E
__CFG_BOREN$ON                                 (abs)        00000
__CFG_BORV$LO                                  (abs)        00000
__CFG_CLKOUTEN$OFF                             (abs)        00000
__CFG_CP$OFF                                   (abs)        00000
__CFG_FCMEN$ON                                 (abs)        00000
__CFG_FOSC$INTOSC                              (abs)        00000
__CFG_IESO$ON                                  (abs)        00000
__CFG_LPBOR$OFF                                (abs)        00000
__CFG_LVP$OFF                                  (abs)        00000
__CFG_MCLRE$ON                                 (abs)        00000
__CFG_PLLEN$OFF                                (abs)        00000
__CFG_PPS1WAY$ON                               (abs)        00000
__CFG_PWRTE$OFF                                (abs)        00000
__CFG_STVREN$ON                                (abs)        00000
__CFG_WDTCCS$SWC                               (abs)        00000
__CFG_WDTCPS$WDTCPS1F                          (abs)        00000
__CFG_WDTCWS$WDTCWSSW                          (abs)        00000
__CFG_WDTE$OFF                                 (abs)        00000
__CFG_WRT$OFF                                  (abs)        00000
__CFG_ZCD$OFF                                  (abs)        00000
__Habs1                                        abs1         00000
__Hbank0                                       bank0        00000
__Hbank1                                       bank1        00000
__Hbank10                                      bank10       00000
__Hbank11                                      bank11       00000
__Hbank12                                      bank12       00000
__Hbank13                                      bank13       00000
__Hbank14                                      bank14       00000
__Hbank15                                      bank15       00000
__Hbank16                                      bank16       00000
__Hbank17                                      bank17       00000
__Hbank18                                      bank18       00000
__Hbank19                                      bank19       00000
__Hbank2                                       bank2        00000
__Hbank20                                      bank20       00000
__Hbank21                                      bank21       00000
__Hbank22                                      bank22       00000
__Hbank23                                      bank23       00000
__Hbank24                                      bank24       00000
__Hbank25                                      bank25       00000
__Hbank26                                      bank26       00000
__Hbank27                                      bank27       00000
__Hbank28                                      bank28       00000
__Hbank29                                      bank29       00000
__Hbank3                                       bank3        00000
__Hbank30                                      bank30       00000
__Hbank31                                      bank31       00000
__Hbank4                                       bank4        00000
__Hbank5                                       bank5        00000
__Hbank6                                       bank6        00000
__Hbank7                                       bank7        00000
__Hbank8                                       bank8        00000
__Hbank9                                       bank9        00000
__Hbigram                                      bigram       00000
__HbssBANK2                                    bssBANK2     00000
__HbssBANK3                                    bssBANK3     00000
__Hcinit                                       cinit        00800
__Hclrtext                                     clrtext      00000
__Hcode                                        code         00000
__Hcommon                                      common       00000
__Hconfig                                      config       0800A
__HcstackBANK0                                 cstackBANK0  00000
__HcstackBANK1                                 cstackBANK1  00000
__HcstackBANK2                                 cstackBANK2  00000
__HcstackCOMMON                                cstackCOMMON 00000
__Heeprom_data                                 eeprom_data  00000
__Hend_init                                    end_init     00004
__Hfunctab                                     functab      00000
__Hidloc                                       idloc        00000
__Hinit                                        init         00002
__Hintentry                                    intentry     00002
__Hmaintext                                    maintext     00000
__HnvBANK2                                     nvBANK2      00000
__Hpowerup                                     powerup      00000
__Hram                                         ram          00000
__Hreset_vec                                   reset_vec    00002
__Hsfr0                                        sfr0         00000
__Hsfr1                                        sfr1         00000
__Hsfr10                                       sfr10        00000
__Hsfr11                                       sfr11        00000
__Hsfr12                                       sfr12        00000
__Hsfr13                                       sfr13        00000
__Hsfr14                                       sfr14        00000
__Hsfr15                                       sfr15        00000
__Hsfr16                                       sfr16        00000
__Hsfr17                                       sfr17        00000
__Hsfr18                                       sfr18        00000
__Hsfr19                                       sfr19        00000
__Hsfr2                                        sfr2         00000
__Hsfr20                                       sfr20        00000
__Hsfr21                                       sfr21        00000
__Hsfr22                                       sfr22        00000
__Hsfr23                                       sfr23        00000
__Hsfr24                                       sfr24        00000
__Hsfr25                                       sfr25        00000
__Hsfr26                                       sfr26        00000
__Hsfr27                                       sfr27        00000
__Hsfr28                                       sfr28        00000
__Hsfr29                                       sfr29        00000
__Hsfr3                                        sfr3         00000
__Hsfr30                                       sfr30        00000
__Hsfr31                                       sfr31        00000
__Hsfr4                                        sfr4         00000
__Hsfr5                                        sfr5         00000
__Hsfr6                                        sfr6         00000
__Hsfr7                                        sfr7         00000
__Hsfr8                                        sfr8         00000
__Hsfr9                                        sfr9         00000
__Hspace_0                                     (abs)        0800A
__Hspace_1                                     (abs)        001F0
__Hspace_2                                     (abs)        00000
__Hspace_3                                     (abs)        00000
__Hstack                                       stack        00000
__Hstrings                                     strings      00000
__Hstringtext1                                 stringtext1  00000
__Hstringtext2                                 stringtext2  00000
__Hstringtext3                                 stringtext3  00000
__Hstringtext4                                 stringtext4  00000
__Hstringtext5                                 stringtext5  00000
__Hstringtext6                                 stringtext6  00000
__Hstringtext7                                 stringtext7  00000
__Htext                                        text         00000
__Labs1                                        abs1         00000
__Lbank0                                       bank0        00000
__Lbank1                                       bank1        00000
__Lbank10                                      bank10       00000
__Lbank11                                      bank11       00000
__Lbank12                                      bank12       00000
__Lbank13                                      bank13       00000
__Lbank14                                      bank14       00000
__Lbank15                                      bank15       00000
__Lbank16                                      bank16       00000
__Lbank17                                      bank17       00000
__Lbank18                                      bank18       00000
__Lbank19                                      bank19       00000
__Lbank2                                       bank2        00000
__Lbank20                                      bank20       00000
__Lbank21                                      bank21       00000
__Lbank22                                      bank22       00000
__Lbank23                                      bank23       00000
__Lbank24                                      bank24       00000
__Lbank25                                      bank25       00000
__Lbank26                                      bank26       00000
__Lbank27                                      bank27       00000
__Lbank28                                      bank28       00000
__Lbank29                                      bank29       00000
__Lbank3                                       bank3        00000
__Lbank30                                      bank30       00000
__Lbank31                                      bank31       00000
__Lbank4                                       bank4        00000
__Lbank5                                       bank5        00000
__Lbank6                                       bank6        00000
__Lbank7                                       bank7        00000
__Lbank8                                       bank8        00000
__Lbank9                                       bank9        00000
__Lbigram                                      bigram       00000
__LbssBANK2                                    bssBANK2     00000
__LbssBANK3                                    bssBANK3     00000
__Lcinit                                       cinit        007EE
__Lclrtext                                     clrtext      00000
__Lcode                                        code         00000
__Lcommon                                      common       00000
__Lconfig                                      config       08007
__LcstackBANK0                                 cstackBANK0  00000
__LcstackBANK1                                 cstackBANK1  00000
__LcstackBANK2                                 cstackBANK2  00000
__LcstackCOMMON                                cstackCOMMON 00000
__Leeprom_data                                 eeprom_data  00000
__Lend_init                                    end_init     00002
__Lfunctab                                     functab      00000
__Lidloc                                       idloc        00000
__Linit                                        init         00002
__Lintentry                                    intentry     00002
__Lmaintext                                    maintext     00000
__LnvBANK2                                     nvBANK2      00000
__Lpowerup                                     powerup      00000
__Lram                                         ram          00000
__Lreset_vec                                   reset_vec    00000
__Lsfr0                                        sfr0         00000
__Lsfr1                                        sfr1         00000
__Lsfr10                                       sfr10        00000
__Lsfr11                                       sfr11        00000
__Lsfr12                                       sfr12        00000
__Lsfr13                                       sfr13        00000
__Lsfr14                                       sfr14        00000
__Lsfr15                                       sfr15        00000
__Lsfr16                                       sfr16        00000
__Lsfr17                                       sfr17        00000
__Lsfr18                                       sfr18        00000
__Lsfr19                                       sfr19        00000
__Lsfr2                                        sfr2         00000
__Lsfr20                                       sfr20        00000
__Lsfr21                                       sfr21        00000
__Lsfr22                                       sfr22        00000
__Lsfr23                                       sfr23        00000
__Lsfr24                                       sfr24        00000
__Lsfr25                                       sfr25        00000
__Lsfr26                                       sfr26        00000
__Lsfr27                                       sfr27        00000
__Lsfr28                                       sfr28        00000
__Lsfr29                                       sfr29        00000
__Lsfr3                                        sfr3         00000
__Lsfr30                                       sfr30        00000
__Lsfr31                                       sfr31        00000
__Lsfr4                                        sfr4         00000
__Lsfr5                                        sfr5         00000
__Lsfr6                                        sfr6         00000
__Lsfr7                                        sfr7         00000
__Lsfr8                                        sfr8         00000
__Lsfr9                                        sfr9         00000
__Lspace_0                                     (abs)        00000
__Lspace_1                                     (abs)        00000
__Lspace_2                                     (abs)        00000
__Lspace_3                                     (abs)        00000
__Lstack                                       stack        00000
__Lstrings                                     strings      00000
__Lstringtext1                                 stringtext1  00000
__Lstringtext2                                 stringtext2  00000
__Lstringtext3                                 stringtext3  00000
__Lstringtext4                                 stringtext4  00000
__Lstringtext5                                 stringtext5  00000
__Lstringtext6                                 stringtext6  00000
__Lstringtext7                                 stringtext7  00000
__Ltext                                        text         00000
__S0                                           (abs)        0800A
__S1                                           (abs)        001F0
__S2                                           (abs)        00000
__Umul8_16                                     text22       0117B
__Umul8_16@multiplicand                        cstackCOMMON 00070
__Umul8_16@multiplier                          cstackCOMMON 00078
__Umul8_16@product                             cstackCOMMON 00074
__Umul8_16@word_mpld                           cstackCOMMON 00076
___awdiv                                       text27       01407
___awdiv@counter                               cstackCOMMON 00075
___awdiv@dividend                              cstackCOMMON 00072
___awdiv@divisor                               cstackCOMMON 00070
___awdiv@quotient                              cstackCOMMON 00077
___awdiv@sign                                  cstackCOMMON 00076
___awmod                                       text26       012DC
___awmod@counter                               cstackCOMMON 00075
___awmod@dividend                              cstackCOMMON 00072
___awmod@divisor                               cstackCOMMON 00070
___awmod@sign                                  cstackCOMMON 00076
___fladd                                       text19       00986
___fladd@a                                     cstackBANK0  0004B
___fladd@aexp                                  cstackBANK0  00058
___fladd@b                                     cstackBANK0  00047
___fladd@bexp                                  cstackBANK0  00059
___fladd@grs                                   cstackBANK0  0005A
___fladd@signs                                 cstackBANK0  00057
___fldiv                                       text25       00017
___fldiv@a                                     cstackCOMMON 00070
___fldiv@aexp                                  cstackBANK0  0002C
___fldiv@b                                     cstackCOMMON 00074
___fldiv@bexp                                  cstackBANK0  0002B
___fldiv@grs                                   cstackBANK0  00027
___fldiv@new_exp                               cstackBANK0  00025
___fldiv@rem                                   cstackBANK0  00020
___fldiv@sign                                  cstackBANK0  00024
___fleq                                        text24       01321
___fleq@ff1                                    cstackCOMMON 00070
___fleq@ff2                                    cstackCOMMON 00074
___flge                                        text23       01535
___flge@ff1                                    cstackBANK0  00047
___flge@ff2                                    cstackBANK0  0004B
___flmul                                       text21       00B68
___flmul@a                                     cstackBANK0  00031
___flmul@aexp                                  cstackBANK0  0003F
___flmul@b                                     cstackBANK0  0002D
___flmul@bexp                                  cstackBANK0  00040
___flmul@grs                                   cstackBANK0  0003B
___flmul@prod                                  cstackBANK0  00041
___flmul@sign                                  cstackBANK0  0003A
___flmul@temp                                  cstackBANK0  00045
___flneg                                       text20       010B1
___flneg@f1                                    cstackCOMMON 00070
___flsub                                       text18       0119A
___flsub@a                                     cstackBANK0  0005B
___flsub@b                                     cstackBANK0  0005F
___fltol                                       text17       01458
___fltol@exp1                                  cstackCOMMON 0007A
___fltol@f1                                    cstackCOMMON 00070
___fltol@sign1                                 cstackCOMMON 00079
___fpclassifyf                                 text16       014BD
___fpclassifyf@F463                            bssBANK2     0014F
___fpclassifyf@e                               cstackBANK0  00020
___fpclassifyf@u                               cstackBANK0  00022
___fpclassifyf@x                               cstackCOMMON 00070
___int_sp                                      stack        00000
___latbits                                     (abs)        00002
___sp                                          stack        00000
___stackhi                                     (abs)        023EF
___stacklo                                     (abs)        02140
___wmul                                        text31       01144
___wmul@multiplicand                           cstackCOMMON 00072
___wmul@multiplier                             cstackCOMMON 00070
___wmul@product                                cstackCOMMON 00074
___xxtofl                                      text32       015B1
___xxtofl@arg                                  cstackCOMMON 0007A
___xxtofl@exp                                  cstackCOMMON 00079
___xxtofl@sign                                 cstackCOMMON 00078
___xxtofl@val                                  cstackCOMMON 00070
__end_of_ADC_GetConversionResult               text46       01081
__end_of_ADC_Initialize                        text42       010B1
__end_of_ADC_SelectChannel                     text45       0080D
__end_of_ADC_StartConversion                   text44       01076
__end_of_EUSART_Initialize                     text38       011F9
__end_of_EUSART_SetErrorHandler                text41       01087
__end_of_EUSART_SetFramingErrorHandler         text40       0108D
__end_of_EUSART_SetOverrunErrorHandler         text39       01093
__end_of_EUSART_Write                          text14       010A8
__end_of_OSCILLATOR_Initialize                 text37       010A0
__end_of_PIN_MANAGER_Initialize                text36       01273
__end_of_PWM3_Initialize                       text35       010C5
__end_of_PWM3_LoadDutyValue                    text43       01144
__end_of_SYSTEM_Initialize                     text33       00017
__end_of_TMR2_Initialize                       text34       010D0
__end_of__Umul8_16                             text22       0119A
__end_of___awdiv                               text27       01458
__end_of___awmod                               text26       01321
__end_of___fladd                               text19       00B68
__end_of___fldiv                               text25       00191
__end_of___fleq                                text24       01369
__end_of___flge                                text23       015B1
__end_of___flmul                               text21       00D94
__end_of___flneg                               text20       010BA
__end_of___flsub                               text18       011B9
__end_of___fltol                               text17       014BD
__end_of___fpclassifyf                         text16       01535
__end_of___wmul                                text31       0115F
__end_of___xxtofl                              text32       01646
__end_of__initialization                       cinit        007FD
__end_of_atoi                                  text28       008AE
__end_of_efgtoa                                text5        007EE
__end_of_floorf                                text15       00986
__end_of_fputc                                 text12       012DC
__end_of_fputs                                 text11       01240
__end_of_isdigit                               text30       010FC
__end_of_isspace                               text29       0117B
__end_of_isupper                               text7        01113
__end_of_main                                  maintext     01800
__end_of_pad                                   text9        01407
__end_of_printf                                text1        010E5
__end_of_putch                                 text13       0107B
__end_of_strcpy                                text8        011D8
__end_of_strlen                                text10       0112B
__end_of_strncmp                               text4        013B7
__end_of_tolower                               text6        0121A
__end_of_vfpfcnvrt                             text3        01000
__end_of_vfprintf                              text2        012A7
__initialization                               cinit        007EE
__pbssBANK2                                    bssBANK2     0014B
__pbssBANK3                                    bssBANK3     001A0
__pcstackBANK0                                 cstackBANK0  00020
__pcstackBANK1                                 cstackBANK1  000A0
__pcstackBANK2                                 cstackBANK2  00120
__pcstackCOMMON                                cstackCOMMON 00070
__pmaintext                                    maintext     01646
__pnvBANK2                                     nvBANK2      0015E
__pstringtext1                                 stringtext1  01800
__pstringtext2                                 stringtext2  01806
__pstringtext3                                 stringtext3  0180A
__pstringtext4                                 stringtext4  0180E
__pstringtext5                                 stringtext5  01812
__pstringtext6                                 stringtext6  01816
__pstringtext7                                 stringtext7  00000
__ptext1                                       text1        010D0
__ptext10                                      text10       01113
__ptext11                                      text11       0121A
__ptext12                                      text12       012A7
__ptext13                                      text13       01076
__ptext14                                      text14       010A0
__ptext15                                      text15       008AE
__ptext16                                      text16       014BD
__ptext17                                      text17       01458
__ptext18                                      text18       0119A
__ptext19                                      text19       00986
__ptext2                                       text2        01273
__ptext20                                      text20       010B1
__ptext21                                      text21       00B68
__ptext22                                      text22       0117B
__ptext23                                      text23       01535
__ptext24                                      text24       01321
__ptext25                                      text25       00017
__ptext26                                      text26       012DC
__ptext27                                      text27       01407
__ptext28                                      text28       0080D
__ptext29                                      text29       0115F
__ptext3                                       text3        00D94
__ptext30                                      text30       010E5
__ptext31                                      text31       01144
__ptext32                                      text32       015B1
__ptext33                                      text33       00005
__ptext34                                      text34       010C5
__ptext35                                      text35       010BA
__ptext36                                      text36       01240
__ptext37                                      text37       01099
__ptext38                                      text38       011D8
__ptext39                                      text39       0108D
__ptext4                                       text4        01369
__ptext40                                      text40       01087
__ptext41                                      text41       01081
__ptext42                                      text42       010A8
__ptext43                                      text43       0112B
__ptext44                                      text44       01073
__ptext45                                      text45       00800
__ptext46                                      text46       0107B
__ptext5                                       text5        00191
__ptext6                                       text6        011F9
__ptext7                                       text7        010FC
__ptext8                                       text8        011B9
__ptext9                                       text9        013B7
__size_of_ADC_GetConversionResult              (abs)        00000
__size_of_ADC_Initialize                       (abs)        00000
__size_of_ADC_SelectChannel                    (abs)        00000
__size_of_ADC_StartConversion                  (abs)        00000
__size_of_EUSART_Initialize                    (abs)        00000
__size_of_EUSART_SetErrorHandler               (abs)        00000
__size_of_EUSART_SetFramingErrorHandler        (abs)        00000
__size_of_EUSART_SetOverrunErrorHandler        (abs)        00000
__size_of_EUSART_Write                         (abs)        00000
__size_of_OSCILLATOR_Initialize                (abs)        00000
__size_of_PIN_MANAGER_Initialize               (abs)        00000
__size_of_PWM3_Initialize                      (abs)        00000
__size_of_PWM3_LoadDutyValue                   (abs)        00000
__size_of_SYSTEM_Initialize                    (abs)        00000
__size_of_TMR2_Initialize                      (abs)        00000
__size_of__Umul8_16                            (abs)        00000
__size_of___awdiv                              (abs)        00000
__size_of___awmod                              (abs)        00000
__size_of___fladd                              (abs)        00000
__size_of___fldiv                              (abs)        00000
__size_of___fleq                               (abs)        00000
__size_of___flge                               (abs)        00000
__size_of___flmul                              (abs)        00000
__size_of___flneg                              (abs)        00000
__size_of___flsub                              (abs)        00000
__size_of___fltol                              (abs)        00000
__size_of___fpclassifyf                        (abs)        00000
__size_of___wmul                               (abs)        00000
__size_of___xxtofl                             (abs)        00000
__size_of_atoi                                 (abs)        00000
__size_of_efgtoa                               (abs)        00000
__size_of_floorf                               (abs)        00000
__size_of_fputc                                (abs)        00000
__size_of_fputs                                (abs)        00000
__size_of_isdigit                              (abs)        00000
__size_of_isspace                              (abs)        00000
__size_of_isupper                              (abs)        00000
__size_of_main                                 (abs)        00000
__size_of_pad                                  (abs)        00000
__size_of_printf                               (abs)        00000
__size_of_putch                                (abs)        00000
__size_of_strcpy                               (abs)        00000
__size_of_strlen                               (abs)        00000
__size_of_strncmp                              (abs)        00000
__size_of_tolower                              (abs)        00000
__size_of_vfpfcnvrt                            (abs)        00000
__size_of_vfprintf                             (abs)        00000
_atoi                                          text28       0080D
_atoi$1138                                     cstackBANK0  00022
_atoi$1139                                     cstackBANK0  00026
_atoi$1140                                     cstackBANK0  00024
_dbuf                                          bssBANK3     001A0
_efgtoa                                        text5        00191
_efgtoa$799                                    cstackBANK1  000A4
_efgtoa$800                                    cstackBANK1  000A6
_efgtoa$805                                    cstackBANK1  000A8
_efgtoa$809                                    cstackBANK1  000AA
_efgtoa$810                                    cstackBANK1  000AC
_efgtoa$811                                    cstackBANK1  000AE
_eusartRxLastError                             bssBANK2     0015D
_flags                                         bssBANK2     00159
_floorf                                        text15       008AE
_fputc                                         text12       012A7
_fputs                                         text11       0121A
_isdigit                                       text30       010E5
_isspace                                       text29       0115F
_isspace$1169                                  cstackCOMMON 00074
_isupper                                       text7        010FC
_main                                          maintext     01646
_nout                                          bssBANK2     00153
_pad                                           text9        013B7
_prec                                          bssBANK2     00157
_printf                                        text1        010D0
_putch                                         text13       01076
_strcpy                                        text8        011B9
_strlen                                        text10       01113
_strncmp                                       text4        01369
_tolower                                       text6        011F9
_tolower$1243                                  cstackCOMMON 0007C
_vfpfcnvrt                                     text3        00D94
_vfpfcnvrt$825                                 cstackBANK1  000DF
_vfpfcnvrt$829                                 cstackBANK1  000E1
_vfprintf                                      text2        01273
_width                                         bssBANK2     00155
atoi@n                                         cstackBANK0  00027
atoi@neg                                       cstackBANK0  00020
atoi@s                                         cstackCOMMON 00076
btemp                                          (abs)        0007E
clear_ram0                                     clrtext      01093
efgtoa@c                                       cstackBANK0  00067
efgtoa@d                                       cstackBANK1  000B8
efgtoa@e                                       cstackBANK1  000D1
efgtoa@f                                       cstackBANK0  00063
efgtoa@fp                                      cstackBANK1  000BE
efgtoa@g                                       cstackBANK1  000CD
efgtoa@h                                       cstackBANK1  000C3
efgtoa@i                                       cstackBANK1  000CB
efgtoa@l                                       cstackBANK1  000C7
efgtoa@m                                       cstackBANK1  000B4
efgtoa@mode                                    cstackBANK1  000C2
efgtoa@n                                       cstackBANK1  000D3
efgtoa@ne                                      cstackBANK1  000B6
efgtoa@nmode                                   cstackBANK1  000BF
efgtoa@ou                                      cstackBANK1  000A0
efgtoa@p                                       cstackBANK1  000BC
efgtoa@pp                                      cstackBANK1  000B2
efgtoa@sign                                    cstackBANK1  000BA
efgtoa@t                                       cstackBANK1  000B0
efgtoa@u                                       cstackBANK1  000D5
efgtoa@w                                       cstackBANK1  000C0
end_of_initialization                          cinit        007FD
floorf@F524                                    bssBANK2     0014B
floorf@e                                       cstackBANK0  0003B
floorf@m                                       cstackBANK0  00037
floorf@u                                       cstackBANK0  0003D
floorf@x                                       cstackBANK0  0002D
fputc@c                                        cstackCOMMON 00072
fputc@fp                                       cstackCOMMON 00074
fputs@c                                        cstackBANK0  00020
fputs@fp                                       cstackCOMMON 0007A
fputs@i                                        cstackBANK0  00021
fputs@s                                        cstackBANK0  00023
intlevel0                                      functab      00000
intlevel1                                      functab      00000
intlevel2                                      functab      00000
intlevel3                                      functab      00000
intlevel4                                      functab      00000
intlevel5                                      functab      00000
isdigit@c                                      cstackCOMMON 00070
isspace@c                                      cstackCOMMON 00070
isupper@c                                      cstackCOMMON 00070
main@Sinal                                     cstackBANK2  0012D
main@Soma                                      cstackBANK2  0013F
main@Soma2                                     cstackBANK2  00143
main@Umidade                                   cstackBANK2  00133
main@i                                         cstackBANK2  00147
main@j                                         cstackBANK2  00149
main@x                                         cstackBANK2  0012F
main@y                                         cstackBANK2  00137
main@z                                         cstackBANK2  0013B
pad@buf                                        cstackBANK0  00024
pad@fp                                         cstackBANK0  0002C
pad@i                                          cstackBANK0  00028
pad@p                                          cstackBANK0  00025
pad@w                                          cstackBANK0  0002A
printf@ap                                      cstackBANK2  0012B
printf@fmt                                     cstackBANK2  00123
putch@txData                                   cstackCOMMON 00071
reset_vec                                      reset_vec    00000
start                                          init         00002
start_initialization                           cinit        007EE
strcpy@d                                       cstackCOMMON 00076
strcpy@dest                                    cstackCOMMON 00077
strcpy@s                                       cstackCOMMON 00074
strcpy@src                                     cstackCOMMON 00070
strlen@a                                       cstackCOMMON 00073
strlen@s                                       cstackCOMMON 00074
strncmp@_l                                     cstackCOMMON 00075
strncmp@_r                                     cstackCOMMON 00070
strncmp@l                                      cstackCOMMON 00078
strncmp@n                                      cstackCOMMON 00072
strncmp@r                                      cstackCOMMON 00076
tolower@c                                      cstackCOMMON 00076
vfpfcnvrt@ap                                   cstackBANK0  0006D
vfpfcnvrt@c                                    cstackBANK1  000EA
vfpfcnvrt@ct                                   cstackBANK1  000E7
vfpfcnvrt@f                                    cstackBANK1  000E3
vfpfcnvrt@fmt                                  cstackBANK0  0006C
vfpfcnvrt@fp                                   cstackBANK1  000EB
vfprintf@ap                                    cstackBANK1  000EE
vfprintf@cfmt                                  cstackBANK2  00121
vfprintf@fmt                                   cstackBANK1  000EC
vfprintf@fp                                    cstackBANK2  00120
wtemp0                                         (abs)        0007E


FUNCTION INFORMATION:

 *************** function _main *****************
 Defined at:
		line 49 in file "main.c"
 Parameters:    Size  Location     Type
		None
 Auto vars:     Size  Location     Type
  Soma2           4   35[BANK2 ] float 
  Soma            4   31[BANK2 ] float 
  z               4   27[BANK2 ] float 
  y               4   23[BANK2 ] float 
  Umidade         4   19[BANK2 ] float 
  x               4   15[BANK2 ] float 
  j               2   41[BANK2 ] int 
  i               2   39[BANK2 ] int 
  Sinal           2   13[BANK2 ] unsigned short 
 Return value:  Size  Location     Type
                  1    wreg      void 
 Registers used:
		wreg, fsr0l, fsr0h, fsr1l, fsr1h, status,2, status,0, pclath, cstack
 Tracked objects:
		On entry : 
		On exit  : 
		Unchanged: 
 Data sizes:     COMMON   BANK0   BANK1   BANK2   BANK3   BANK4   BANK5   BANK6   BANK7   BANK8   BANK9  BANK10  BANK11  BANK12
      Params:         0       0       0       0       0       0       0       0       0       0       0       0       0       0
      Locals:         0       0       0      30       0       0       0       0       0       0       0       0       0       0
      Temps:          0       0       0       1       0       0       0       0       0       0       0       0       0       0
      Totals:         0       0       0      31       0       0       0       0       0       0       0       0       0       0
Total ram usage:       31 bytes
 Hardware stack levels required when called:    9
 This function calls:
		_ADC_GetConversionResult
		_ADC_Initialize
		_ADC_SelectChannel
		_ADC_StartConversion
		_PWM3_LoadDutyValue
		_SYSTEM_Initialize
		___fladd
		___fldiv
		___flmul
		___fltol
		___xxtofl
		_printf
 This function is called by:
		Startup code after reset
 This function uses a non-reentrant model


 *************** function _printf *****************
 Defined at:
		line 5 in file "C:\Program Files (x86)\Microchip\xc8\v2.05\pic\sources\c99\common\printf.c"
 Parameters:    Size  Location     Type
  fmt             2    3[BANK2 ] PTR const unsigned char 
		 -> STR_1(6), 
 Auto vars:     Size  Location     Type
  ret             2    0        int 
  ap              1   11[BANK2 ] PTR void [1]
		 -> ?_printf(2), 
 Return value:  Size  Location     Type
                  2    3[BANK2 ] int 
 Registers used:
		wreg, fsr0l, fsr0h, fsr1l, fsr1h, status,2, status,0, pclath, cstack
 Tracked objects:
		On entry : 
		On exit  : 
		Unchanged: 
 Data sizes:     COMMON   BANK0   BANK1   BANK2   BANK3   BANK4   BANK5   BANK6   BANK7   BANK8   BANK9  BANK10  BANK11  BANK12
      Params:         0       0       0       6       0       0       0       0       0       0       0       0       0       0
      Locals:         0       0       0       3       0       0       0       0       0       0       0       0       0       0
      Temps:          0       0       1       0       0       0       0       0       0       0       0       0       0       0
      Totals:         0       0       1       9       0       0       0       0       0       0       0       0       0       0
Total ram usage:       10 bytes
 Hardware stack levels used:    1
 Hardware stack levels required when called:    8
 This function calls:
		_vfprintf
 This function is called by:
		_main
 This function uses a non-reentrant model


 *************** function _vfprintf *****************
 Defined at:
		line 1368 in file "C:\Program Files (x86)\Microchip\xc8\v2.05\pic\sources\c99\common\doprnt.c"
 Parameters:    Size  Location     Type
  fp              1    wreg     PTR struct _IO_FILE
		 -> NULL(0), 
  fmt             2   76[BANK1 ] PTR const unsigned char 
		 -> STR_1(6), 
  ap              1   78[BANK1 ] PTR PTR void 
		 -> printf@ap(1), 
 Auto vars:     Size  Location     Type
  fp              1    0[BANK2 ] PTR struct _IO_FILE
		 -> NULL(0), 
  cfmt            2    1[BANK2 ] PTR unsigned char 
		 -> STR_1(6), 
 Return value:  Size  Location     Type
                  2   76[BANK1 ] int 
 Registers used:
		wreg, fsr0l, fsr0h, fsr1l, fsr1h, status,2, status,0, pclath, cstack
 Tracked objects:
		On entry : 
		On exit  : 
		Unchanged: 
 Data sizes:     COMMON   BANK0   BANK1   BANK2   BANK3   BANK4   BANK5   BANK6   BANK7   BANK8   BANK9  BANK10  BANK11  BANK12
      Params:         0       0       3       0       0       0       0       0       0       0       0       0       0       0
      Locals:         0       0       0       3       0       0       0       0       0       0       0       0       0       0
      Temps:          0       2       0       0       0       0       0       0       0       0       0       0       0       0
      Totals:         0       2       3       3       0       0       0       0       0       0       0       0       0       0
Total ram usage:        8 bytes
 Hardware stack levels used:    1
 Hardware stack levels required when called:    7
 This function calls:
		_vfpfcnvrt
 This function is called by:
		_printf
 This function uses a non-reentrant model


 *************** function _vfpfcnvrt *****************
 Defined at:
		line 670 in file "C:\Program Files (x86)\Microchip\xc8\v2.05\pic\sources\c99\common\doprnt.c"
 Parameters:    Size  Location     Type
  fp              1    wreg     PTR struct _IO_FILE
		 -> NULL(0), 
  fmt             1   76[BANK0 ] PTR PTR unsigned char 
		 -> vfprintf@cfmt(2), 
  ap              1   77[BANK0 ] PTR PTR void 
		 -> printf@ap(1), 
 Auto vars:     Size  Location     Type
  fp              1   75[BANK1 ] PTR struct _IO_FILE
		 -> NULL(0), 
  llu             8    0        unsigned long long 
  ll              8    0        long long 
  f               4   67[BANK1 ] long long 
  ct              3   71[BANK1 ] unsigned char [3]
  vp              2    0        PTR void 
  i               2    0        int 
  done            2    0        int 
  cp              2    0        PTR unsigned char 
  c               1   74[BANK1 ] unsigned char 
 Return value:  Size  Location     Type
                  2   76[BANK0 ] int 
 Registers used:
		wreg, fsr0l, fsr0h, fsr1l, fsr1h, status,2, status,0, pclath, cstack
 Tracked objects:
		On entry : 
		On exit  : 
		Unchanged: 
 Data sizes:     COMMON   BANK0   BANK1   BANK2   BANK3   BANK4   BANK5   BANK6   BANK7   BANK8   BANK9  BANK10  BANK11  BANK12
      Params:         0       2       0       0       0       0       0       0       0       0       0       0       0       0
      Locals:         0       0      13       0       0       0       0       0       0       0       0       0       0       0
      Temps:          0       0       6       0       0       0       0       0       0       0       0       0       0       0
      Totals:         0       2      19       0       0       0       0       0       0       0       0       0       0       0
Total ram usage:       21 bytes
 Hardware stack levels used:    1
 Hardware stack levels required when called:    6
 This function calls:
		_atoi
		_efgtoa
		_fputc
		_isdigit
		_isupper
[...]
		None
 Return value:  Size  Location     Type
                  1    wreg      void 
 Registers used:
		wreg, status,2
 Tracked objects:
		On entry : 
		On exit  : 
		Unchanged: 
 Data sizes:     COMMON   BANK0   BANK1   BANK2   BANK3   BANK4   BANK5   BANK6   BANK7   BANK8   BANK9  BANK10  BANK11  BANK12
      Params:         0       0       0       0       0       0       0       0       0       0       0       0       0       0
      Locals:         0       0       0       0       0       0       0       0       0       0       0       0       0       0
      Temps:          0       0       0       0       0       0       0       0       0       0       0       0       0       0
      Totals:         0       0       0       0       0       0       0       0       0       0       0       0       0       0
Total ram usage:        0 bytes
 Hardware stack levels used:    1
 This function calls:
		Nothing
 This function is called by:
		_SYSTEM_Initialize
 This function uses a non-reentrant model


 *************** function _EUSART_Initialize *****************
 Defined at:
		line 66 in file "mcc_generated_files/eusart.c"
 Parameters:    Size  Location     Type
		None
 Auto vars:     Size  Location     Type
		None
 Return value:  Size  Location     Type
                  1    wreg      void 
 Registers used:
		wreg, status,2, status,0, pclath, cstack
 Tracked objects:
		On entry : 
		On exit  : 
		Unchanged: 
 Data sizes:     COMMON   BANK0   BANK1   BANK2   BANK3   BANK4   BANK5   BANK6   BANK7   BANK8   BANK9  BANK10  BANK11  BANK12
      Params:         0       0       0       0       0       0       0       0       0       0       0       0       0       0
      Locals:         0       0       0       0       0       0       0       0       0       0       0       0       0       0
      Temps:          0       0       0       0       0       0       0       0       0       0       0       0       0       0
      Totals:         0       0       0       0       0       0       0       0       0       0       0       0       0       0
Total ram usage:        0 bytes
 Hardware stack levels used:    1
 Hardware stack levels required when called:    1
 This function calls:
		_EUSART_SetErrorHandler
		_EUSART_SetFramingErrorHandler
		_EUSART_SetOverrunErrorHandler
 This function is called by:
		_SYSTEM_Initialize
 This function uses a non-reentrant model


 *************** function _EUSART_SetOverrunErrorHandler *****************
 Defined at:
		line 170 in file "mcc_generated_files/eusart.c"
 Parameters:    Size  Location     Type
  interruptHan    2    0[COMMON] PTR FTN()void 
		 -> EUSART_DefaultOverrunErrorHandler(1), 
 Auto vars:     Size  Location     Type
		None
 Return value:  Size  Location     Type
                  1    wreg      void 
 Registers used:
		wreg
 Tracked objects:
		On entry : 
		On exit  : 
		Unchanged: 
 Data sizes:     COMMON   BANK0   BANK1   BANK2   BANK3   BANK4   BANK5   BANK6   BANK7   BANK8   BANK9  BANK10  BANK11  BANK12
      Params:         2       0       0       0       0       0       0       0       0       0       0       0       0       0
      Locals:         0       0       0       0       0       0       0       0       0       0       0       0       0       0
      Temps:          0       0       0       0       0       0       0       0       0       0       0       0       0       0
      Totals:         2       0       0       0       0       0       0       0       0       0       0       0       0       0
Total ram usage:        2 bytes
 Hardware stack levels used:    1
 This function calls:
		Nothing
 This function is called by:
		_EUSART_Initialize
 This function uses a non-reentrant model


 *************** function _EUSART_SetFramingErrorHandler *****************
 Defined at:
		line 166 in file "mcc_generated_files/eusart.c"
 Parameters:    Size  Location     Type
  interruptHan    2    0[COMMON] PTR FTN()void 
		 -> EUSART_DefaultFramingErrorHandler(1), 
 Auto vars:     Size  Location     Type
		None
 Return value:  Size  Location     Type
                  1    wreg      void 
 Registers used:
		wreg
 Tracked objects:
		On entry : 
		On exit  : 
		Unchanged: 
 Data sizes:     COMMON   BANK0   BANK1   BANK2   BANK3   BANK4   BANK5   BANK6   BANK7   BANK8   BANK9  BANK10  BANK11  BANK12
      Params:         2       0       0       0       0       0       0       0       0       0       0       0       0       0
      Locals:         0       0       0       0       0       0       0       0       0       0       0       0       0       0
      Temps:          0       0       0       0       0       0       0       0       0       0       0       0       0       0
      Totals:         2       0       0       0       0       0       0       0       0       0       0       0       0       0
Total ram usage:        2 bytes
 Hardware stack levels used:    1
 This function calls:
		Nothing
 This function is called by:
		_EUSART_Initialize
 This function uses a non-reentrant model


 *************** function _EUSART_SetErrorHandler *****************
 Defined at:
		line 174 in file "mcc_generated_files/eusart.c"
 Parameters:    Size  Location     Type
  interruptHan    2    0[COMMON] PTR FTN()void 
		 -> EUSART_DefaultErrorHandler(1), 
 Auto vars:     Size  Location     Type
		None
 Return value:  Size  Location     Type
                  1    wreg      void 
 Registers used:
		wreg
 Tracked objects:
		On entry : 
		On exit  : 
		Unchanged: 
 Data sizes:     COMMON   BANK0   BANK1   BANK2   BANK3   BANK4   BANK5   BANK6   BANK7   BANK8   BANK9  BANK10  BANK11  BANK12
      Params:         2       0       0       0       0       0       0       0       0       0       0       0       0       0
      Locals:         0       0       0       0       0       0       0       0       0       0       0       0       0       0
      Temps:          0       0       0       0       0       0       0       0       0       0       0       0       0       0
      Totals:         2       0       0       0       0       0       0       0       0       0       0       0       0       0
Total ram usage:        2 bytes
 Hardware stack levels used:    1
 This function calls:
		Nothing
 This function is called by:
		_EUSART_Initialize
 This function uses a non-reentrant model


 *************** function _ADC_Initialize *****************
 Defined at:
		line 67 in file "mcc_generated_files/adc.c"
 Parameters:    Size  Location     Type
		None
 Auto vars:     Size  Location     Type
		None
 Return value:  Size  Location     Type
                  1    wreg      void 
 Registers used:
		wreg, status,2
 Tracked objects:
		On entry : 
		On exit  : 
		Unchanged: 
 Data sizes:     COMMON   BANK0   BANK1   BANK2   BANK3   BANK4   BANK5   BANK6   BANK7   BANK8   BANK9  BANK10  BANK11  BANK12
      Params:         0       0       0       0       0       0       0       0       0       0       0       0       0       0
      Locals:         0       0       0       0       0       0       0       0       0       0       0       0       0       0
      Temps:          0       0       0       0       0       0       0       0       0       0       0       0       0       0
      Totals:         0       0       0       0       0       0       0       0       0       0       0       0       0       0
Total ram usage:        0 bytes
 Hardware stack levels used:    1
 This function calls:
		Nothing
 This function is called by:
		_SYSTEM_Initialize
		_main
 This function uses a non-reentrant model


 *************** function _PWM3_LoadDutyValue *****************
 Defined at:
		line 74 in file "mcc_generated_files/pwm3.c"
 Parameters:    Size  Location     Type
  dutyValue       2   11[COMMON] unsigned short 
 Auto vars:     Size  Location     Type
		None
 Return value:  Size  Location     Type
                  1    wreg      void 
 Registers used:
		wreg, status,2, status,0
 Tracked objects:
		On entry : 
		On exit  : 
		Unchanged: 
 Data sizes:     COMMON   BANK0   BANK1   BANK2   BANK3   BANK4   BANK5   BANK6   BANK7   BANK8   BANK9  BANK10  BANK11  BANK12
      Params:         2       0       0       0       0       0       0       0       0       0       0       0       0       0
      Locals:         0       0       0       0       0       0       0       0       0       0       0       0       0       0
      Temps:          0       2       0       0       0       0       0       0       0       0       0       0       0       0
      Totals:         2       2       0       0       0       0       0       0       0       0       0       0       0       0
Total ram usage:        4 bytes
 Hardware stack levels used:    1
 This function calls:
		Nothing
 This function is called by:
		_main
 This function uses a non-reentrant model


 *************** function _ADC_StartConversion *****************
 Defined at:
		line 96 in file "mcc_generated_files/adc.c"
 Parameters:    Size  Location     Type
		None
 Auto vars:     Size  Location     Type
		None
 Return value:  Size  Location     Type
                  1    wreg      void 
 Registers used:
		None
 Tracked objects:
		On entry : 
		On exit  : 
		Unchanged: 
 Data sizes:     COMMON   BANK0   BANK1   BANK2   BANK3   BANK4   BANK5   BANK6   BANK7   BANK8   BANK9  BANK10  BANK11  BANK12
      Params:         0       0       0       0       0       0       0       0       0       0       0       0       0       0
      Locals:         0       0       0       0       0       0       0       0       0       0       0       0       0       0
      Temps:          0       0       0       0       0       0       0       0       0       0       0       0       0       0
      Totals:         0       0       0       0       0       0       0       0       0       0       0       0       0       0
Total ram usage:        0 bytes
 Hardware stack levels used:    1
 This function calls:
		Nothing
 This function is called by:
		_main
 This function uses a non-reentrant model


 *************** function _ADC_SelectChannel *****************
 Defined at:
		line 88 in file "mcc_generated_files/adc.c"
 Parameters:    Size  Location     Type
  channel         1    wreg     enum E9635
 Auto vars:     Size  Location     Type
  channel         1    1[COMMON] enum E9635
 Return value:  Size  Location     Type
                  1    wreg      void 
 Registers used:
		wreg, status,2, status,0
 Tracked objects:
		On entry : 
		On exit  : 
		Unchanged: 
 Data sizes:     COMMON   BANK0   BANK1   BANK2   BANK3   BANK4   BANK5   BANK6   BANK7   BANK8   BANK9  BANK10  BANK11  BANK12
      Params:         0       0       0       0       0       0       0       0       0       0       0       0       0       0
      Locals:         1       0       0       0       0       0       0       0       0       0       0       0       0       0
      Temps:          1       0       0       0       0       0       0       0       0       0       0       0       0       0
      Totals:         2       0       0       0       0       0       0       0       0       0       0       0       0       0
Total ram usage:        2 bytes
 Hardware stack levels used:    1
 This function calls:
		Nothing
 This function is called by:
		_main
 This function uses a non-reentrant model


 *************** function _ADC_GetConversionResult *****************
 Defined at:
		line 109 in file "mcc_generated_files/adc.c"
 Parameters:    Size  Location     Type
		None
 Auto vars:     Size  Location     Type
		None
 Return value:  Size  Location     Type
                  2    0[COMMON] unsigned short 
 Registers used:
		wreg
 Tracked objects:
		On entry : 
		On exit  : 
		Unchanged: 
 Data sizes:     COMMON   BANK0   BANK1   BANK2   BANK3   BANK4   BANK5   BANK6   BANK7   BANK8   BANK9  BANK10  BANK11  BANK12
      Params:         2       0       0       0       0       0       0       0       0       0       0       0       0       0
      Locals:         0       0       0       0       0       0       0       0       0       0       0       0       0       0
      Temps:          0       0       0       0       0       0       0       0       0       0       0       0       0       0
      Totals:         2       0       0       0       0       0       0       0       0       0       0       0       0       0
Total ram usage:        2 bytes
 Hardware stack levels used:    1
 This function calls:
		Nothing
 This function is called by:
		_main
 This function uses a non-reentrant model



MODULE INFORMATION

Module		Function		Class		Link	Load	Size
C:\Program Files (x86)\Microchip\xc8\v2.05\pic\sources\c99\common\awmod.c
		___awmod       		CODE           	12DC	0000	70

C:\Program Files (x86)\Microchip\xc8\v2.05\pic\sources\c99\common\awmod.c estimated size: 70

C:\Program Files (x86)\Microchip\xc8\v2.05\pic\sources\c99\common\printf.c
		_printf        		CODE           	10D0	0000	22

C:\Program Files (x86)\Microchip\xc8\v2.05\pic\sources\c99\common\printf.c estimated size: 22

C:\Program Files (x86)\Microchip\xc8\v2.05\pic\sources\c99\common\__fpclassifyf.c
		___fpclassifyf 		CODE           	14BD	0000	121

C:\Program Files (x86)\Microchip\xc8\v2.05\pic\sources\c99\common\__fpclassifyf.c estimated size: 121

C:\Program Files (x86)\Microchip\xc8\v2.05\pic\sources\c99\common\floorf.c
		_floorf        		CODE           	08AE	0000	217

C:\Program Files (x86)\Microchip\xc8\v2.05\pic\sources\c99\common\floorf.c estimated size: 217

mcc_generated_files/tmr2.c
		_TMR2_Initialize		CODE           	10C5	0000	12

mcc_generated_files/tmr2.c estimated size: 12

C:\Program Files (x86)\Microchip\xc8\v2.05\pic\sources\c99\common\flge.c
		___flge        		CODE           	1535	0000	125

C:\Program Files (x86)\Microchip\xc8\v2.05\pic\sources\c99\common\flge.c estimated size: 125

C:\Program Files (x86)\Microchip\xc8\v2.05\pic\sources\c99\common\nf_fputc.c
		_fputc         		CODE           	12A7	0000	54

C:\Program Files (x86)\Microchip\xc8\v2.05\pic\sources\c99\common\nf_fputc.c estimated size: 54

mcc_generated_files/pin_manager.c
		_PIN_MANAGER_Initialize		CODE           	1240	0000	52

mcc_generated_files/pin_manager.c estimated size: 52

C:\Program Files (x86)\Microchip\xc8\v2.05\pic\sources\c99\common\xxtofl.c
		___xxtofl      		CODE           	15B1	0000	150

C:\Program Files (x86)\Microchip\xc8\v2.05\pic\sources\c99\common\xxtofl.c estimated size: 150

C:\Program Files (x86)\Microchip\xc8\v2.05\pic\sources\c99\common\isupper.c
		_isupper       		CODE           	10FC	0000	24

C:\Program Files (x86)\Microchip\xc8\v2.05\pic\sources\c99\common\isupper.c estimated size: 24

C:\Program Files (x86)\Microchip\xc8\v2.05\pic\sources\c99\common\strlen.c
		_strlen        		CODE           	1113	0000	25

C:\Program Files (x86)\Microchip\xc8\v2.05\pic\sources\c99\common\strlen.c estimated size: 25

mcc_generated_files/adc.c
		_ADC_Initialize		CODE           	10A8	0000	10
		_ADC_GetConversionResult		CODE           	107B	0000	7
		_ADC_StartConversion		CODE           	1073	0000	4
		_ADC_SelectChannel		CODE           	0800	0000	14

mcc_generated_files/adc.c estimated size: 35

C:\Program Files (x86)\Microchip\xc8\v2.05\pic\sources\c99\common\strcpy.c
		_strcpy        		CODE           	11B9	0000	32

C:\Program Files (x86)\Microchip\xc8\v2.05\pic\sources\c99\common\strcpy.c estimated size: 32

C:\Program Files (x86)\Microchip\xc8\v2.05\pic\sources\c99\common\isspace.c
		_isspace       		CODE           	115F	0000	29

C:\Program Files (x86)\Microchip\xc8\v2.05\pic\sources\c99\common\isspace.c estimated size: 29

C:\Program Files (x86)\Microchip\xc8\v2.05\pic\sources\c99\common\awdiv.c
		___awdiv       		CODE           	1407	0000	82

C:\Program Files (x86)\Microchip\xc8\v2.05\pic\sources\c99\common\awdiv.c estimated size: 82

C:\Program Files (x86)\Microchip\xc8\v2.05\pic\sources\c99\common\fltol.c
		___fltol       		CODE           	1458	0000	102

C:\Program Files (x86)\Microchip\xc8\v2.05\pic\sources\c99\common\fltol.c estimated size: 102

C:\Program Files (x86)\Microchip\xc8\v2.05\pic\sources\c99\common\strncmp.c
		_strncmp       		CODE           	1369	0000	79

C:\Program Files (x86)\Microchip\xc8\v2.05\pic\sources\c99\common\strncmp.c estimated size: 79

C:\Program Files (x86)\Microchip\xc8\v2.05\pic\sources\c99\common\tolower.c
		_tolower       		CODE           	11F9	0000	34

C:\Program Files (x86)\Microchip\xc8\v2.05\pic\sources\c99\common\tolower.c estimated size: 34

C:\Program Files (x86)\Microchip\xc8\v2.05\pic\sources\c99\common\sprcmul.c
		___flmul       		CODE           	0B68	0000	557

C:\Program Files (x86)\Microchip\xc8\v2.05\pic\sources\c99\common\sprcmul.c estimated size: 557

C:\Program Files (x86)\Microchip\xc8\v2.05\pic\sources\c99\common\sprcdiv.c
		___fldiv       		CODE           	0017	0000	379

C:\Program Files (x86)\Microchip\xc8\v2.05\pic\sources\c99\common\sprcdiv.c estimated size: 379

C:\Program Files (x86)\Microchip\xc8\v2.05\pic\sources\c99\common\doprnt.c
		_vfpfcnvrt     		CODE           	0D94	0000	621
		_efgtoa        		CODE           	0191	0000	1630
		_pad           		CODE           	13B7	0000	81
		_vfprintf      		CODE           	1273	0000	53

C:\Program Files (x86)\Microchip\xc8\v2.05\pic\sources\c99\common\doprnt.c estimated size: 2385

shared
		__initialization		CODE           	07EE	0000	16

shared estimated size: 16

mcc_generated_files/mcc.c
		_OSCILLATOR_Initialize		CODE           	1099	0000	8
		_SYSTEM_Initialize		CODE           	0005	0000	19

mcc_generated_files/mcc.c estimated size: 27

mcc_generated_files/pwm3.c
		_PWM3_Initialize		CODE           	10BA	0000	12
		_PWM3_LoadDutyValue		CODE           	112B	0000	26

mcc_generated_files/pwm3.c estimated size: 38

C:\Program Files (x86)\Microchip\xc8\v2.05\pic\sources\c99\common\Umul16.c
		___wmul        		CODE           	1144	0000	28

C:\Program Files (x86)\Microchip\xc8\v2.05\pic\sources\c99\common\Umul16.c estimated size: 28

C:\Program Files (x86)\Microchip\xc8\v2.05\pic\sources\c99\common\atoi.c
		_atoi          		CODE           	080D	0000	162

C:\Program Files (x86)\Microchip\xc8\v2.05\pic\sources\c99\common\atoi.c estimated size: 162

C:\Program Files (x86)\Microchip\xc8\v2.05\pic\sources\c99\common\fleq.c
		___fleq        		CODE           	1321	0000	73

C:\Program Files (x86)\Microchip\xc8\v2.05\pic\sources\c99\common\fleq.c estimated size: 73

C:\Program Files (x86)\Microchip\xc8\v2.05\pic\sources\c99\common\nf_fputs.c
		_fputs         		CODE           	121A	0000	39

C:\Program Files (x86)\Microchip\xc8\v2.05\pic\sources\c99\common\nf_fputs.c estimated size: 39

C:\Program Files (x86)\Microchip\xc8\v2.05\pic\sources\c99\common\flneg.c
		___flneg       		CODE           	10B1	0000	10

C:\Program Files (x86)\Microchip\xc8\v2.05\pic\sources\c99\common\flneg.c estimated size: 10

mcc_generated_files/eusart.c
		_putch         		CODE           	1076	0000	6
		_EUSART_Write  		CODE           	10A0	0000	9
		_EUSART_Initialize		CODE           	11D8	0000	34
		_EUSART_SetFramingErrorHandler		CODE           	1087	0000	7
		_EUSART_SetErrorHandler		CODE           	1081	0000	7
		_EUSART_SetOverrunErrorHandler		CODE           	108D	0000	7

mcc_generated_files/eusart.c estimated size: 70

C:\Program Files (x86)\Microchip\xc8\v2.05\pic\sources\c99\common\Umul8_16.c
		__Umul8_16     		CODE           	117B	0000	32

C:\Program Files (x86)\Microchip\xc8\v2.05\pic\sources\c99\common\Umul8_16.c estimated size: 32

main.c
		_main          		CODE           	1646	0000	443

main.c estimated size: 443

C:\Program Files (x86)\Microchip\xc8\v2.05\pic\sources\c99\common\isdigit.c
		_isdigit       		CODE           	10E5	0000	24

C:\Program Files (x86)\Microchip\xc8\v2.05\pic\sources\c99\common\isdigit.c estimated size: 24

C:\Program Files (x86)\Microchip\xc8\v2.05\pic\sources\c99\common\sprcadd.c
		___flsub       		CODE           	119A	0000	32
		___fladd       		CODE           	0986	0000	483

C:\Program Files (x86)\Microchip\xc8\v2.05\pic\sources\c99\common\sprcadd.c estimated size: 515

